[debug] [2026-09-26T05:17:20.931Z] ----------------------------------------------------------------------
[debug] [2026-09-26T05:17:20.934Z] Command:       C:\Program Files\nodejs\node.exe C:\Users\pc\AppData\Roaming\npm\node_modules\firebase-tools\lib\bin\firebase.js deploy --only functions
[debug] [2026-09-26T05:17:20.934Z] CLI Version:   15.28.2
[debug] [2026-09-26T05:17:20.934Z] Platform:      win32
[debug] [2026-09-26T05:17:20.934Z] Node Version:  v22.22.3
[debug] [2026-09-26T05:17:20.935Z] Detected Agent: antigravity
[debug] [2026-09-26T05:17:20.935Z] Time:          Sat Sep 26 2026 11:17:20 GMT+0600 (Bangladesh Standard Time)
[debug] [2026-09-26T05:17:20.935Z] ----------------------------------------------------------------------
[debug] 
[debug] [2026-09-26T05:17:20.951Z] >>> [apiv2][query] GET https://firebase-public.firebaseio.com/cli.json [none]
[debug] [2026-09-26T05:17:48.589Z] > command requires scopes: ["email","openid","https://www.googleapis.com/auth/cloudplatformprojects.readonly","https://www.googleapis.com/auth/firebase","https://www.googleapis.com/auth/cloud-platform"]
[debug] [2026-09-26T05:17:48.590Z] > authorizing via signed-in user (hubxcreator0@gmail.com)
[debug] [2026-09-26T05:17:48.590Z] [iam] checking project phrasal-faculty-476911-h7 for permissions ["cloudfunctions.functions.create","cloudfunctions.functions.delete","cloudfunctions.functions.get","cloudfunctions.functions.list","cloudfunctions.functions.update","cloudfunctions.operations.get","firebase.projects.get"]
[debug] [2026-09-26T05:17:48.592Z] Checked if tokens are valid: false, expires at: 1790337843033
[debug] [2026-09-26T05:17:48.592Z] Checked if tokens are valid: false, expires at: 1790337843033
[debug] [2026-09-26T05:17:48.592Z] > refreshing access token with scopes: []
[debug] [2026-09-26T05:17:48.594Z] >>> [apiv2][query] POST https://www.googleapis.com/oauth2/v3/token [none]
[debug] [2026-09-26T05:17:48.594Z] >>> [apiv2][body] POST https://www.googleapis.com/oauth2/v3/token [omitted]
[debug] [2026-09-26T05:17:48.836Z] <<< [apiv2][status] POST https://www.googleapis.com/oauth2/v3/token 200
[debug] [2026-09-26T05:17:48.836Z] <<< [apiv2][body] POST https://www.googleapis.com/oauth2/v3/token [omitted]
[debug] [2026-09-26T05:17:48.852Z] >>> [apiv2][query] POST https://cloudresourcemanager.googleapis.com/v1/projects/phrasal-faculty-476911-h7:testIamPermissions [none]
[debug] [2026-09-26T05:17:48.852Z] >>> [apiv2][(partial)header] POST https://cloudresourcemanager.googleapis.com/v1/projects/phrasal-faculty-476911-h7:testIamPermissions  x-goog-user-project=phrasal-faculty-476911-h7
[debug] [2026-09-26T05:17:48.852Z] >>> [apiv2][body] POST https://cloudresourcemanager.googleapis.com/v1/projects/phrasal-faculty-476911-h7:testIamPermissions {"permissions":["cloudfunctions.functions.create","cloudfunctions.functions.delete","cloudfunctions.functions.get","cloudfunctions.functions.list","cloudfunctions.functions.update","cloudfunctions.operations.get","firebase.projects.get"]}
[debug] [2026-09-26T05:17:49.279Z] <<< [apiv2][status] GET https://firebase-public.firebaseio.com/cli.json 200
[debug] [2026-09-26T05:17:49.279Z] <<< [apiv2][body] GET https://firebase-public.firebaseio.com/cli.json {"cloudBuildErrorAfter":1594252800000,"cloudBuildWarnAfter":1590019200000,"defaultNode10After":1594252800000,"minVersion":"3.0.5","node8DeploysDisabledAfter":1613390400000,"node8RuntimeDisabledAfter":1615809600000,"node8WarnAfter":1600128000000}
